{"ts": "2026-08-13T07:36:01.851740+00:00", "event": "new_listing", "id": "97", "category": "Mieszkanie", "unit": "34_1", "status": "Wolne", "price": "572 163 zł", "url": "https://swietegomichala.pl/pl/mieszkanie/SM2-A1-LM-34_01"}
{"ts": "2026-08-13T07:36:01.851740+00:00", "event": "new_listing", "id": "99", "category": "Mieszkanie", "unit": "34_3", "status": "Wolne", "price": "508 776 zł", "url": "https://swietegomichala.pl/pl/mieszkanie/SM2-A1-LM-34_03"}
{"ts": "2026-08-13T07:36:01.851740+00:00", "event": "new_listing", "id": "101", "category": "Mieszkanie", "unit": "34_5", "status": "Wolne", "price": "502 928 zł", "url": "https://swietegomichala.pl/pl/mieszkanie/SM2-A1-LM-34_05"}
{"ts": "2026-08-13T07:36:01.851740+00:00", "event": "new_listing", "id": "102", "category": "Mieszkanie", "unit": "36_1", "status": "Wolne", "price": "522 324 zł", "url": "https://swietegomichala.pl/pl/mieszkanie/SM2-A2-LM-36_01"}
{"ts": "2026-08-13T07:36:01.851740+00:00", "event": "new_listing", "id": "104", "category": "Mieszkanie", "unit": "34_6", "status": "Wolne", "price": "559 260 zł", "url": "https://swietegomichala.pl/pl/mieszkanie/SM2-A1-LM-34_06"}
{"ts": "2026-08-13T07:36:01.851740+00:00", "event": "new_listing", "id": "105", "category": "Mieszkanie", "unit": "34_7", "status": "Wolne", "price": "677 933 zł", "url": "https://swietegomichala.pl/pl/mieszkanie/SM2-A1-LM-34_07"}
{"ts": "2026-08-13T07:36:01.851740+00:00", "event": "new_listing", "id": "106", "category": "Mieszkanie", "unit": "34_8", "status": "Wolne", "price": "546 875 zł", "url": "https://swietegomichala.pl/pl/mieszkanie/SM2-A1-LM-34_08"}
{"ts": "2026-08-13T07:36:01.851740+00:00", "event": "new_listing", "id": "107", "category": "Mieszkanie", "unit": "34_9", "status": "Wolne", "price": "553 750 zł", "url": "https://swietegomichala.pl/pl/mieszkanie/SM2-A1-LM-34_09"}
{"ts": "2026-08-13T07:36:01.851740+00:00", "event": "new_listing", "id": "108", "category": "Mieszkanie", "unit": "34_10", "status": "Wolne", "price": "934 920 zł", "url": "https://swietegomichala.pl/pl/mieszkanie/SM2-A1-LM-34_10"}
{"ts": "2026-08-13T07:36:01.851740+00:00", "event": "new_listing", "id": "111", "category": "Mieszkanie", "unit": "36_5", "status": "Wolne", "price": "681 765 zł", "url": "https://swietegomichala.pl/pl/mieszkanie/SM2-A2-LM-36_05"}
{"ts": "2026-08-13T07:36:01.851740+00:00", "event": "new_listing", "id": "112", "category": "Mieszkanie", "unit": "36_6", "status": "Wolne", "price": "610 944 zł", "url": "https://swietegomichala.pl/pl/mieszkanie/SM2-A2-LM-36_06"}
{"ts": "2026-08-13T07:36:01.851740+00:00", "event": "new_listing", "id": "113", "category": "Mieszkanie", "unit": "38_1", "status": "Wolne", "price": "957 825 zł", "url": "https://swietegomichala.pl/pl/mieszkanie/SM2-B-LM-38_01"}
{"ts": "2026-08-13T07:36:01.851740+00:00", "event": "new_listing", "id": "115", "category": "Mieszkanie", "unit": "38_3", "status": "Wolne", "price": "733 260 zł", "url": "https://swietegomichala.pl/pl/mieszkanie/SM2-B-LM-38_03"}
{"ts": "2026-08-13T07:36:01.851740+00:00", "event": "new_listing", "id": "116", "category": "Mieszkanie", "unit": "38_4", "status": "Wolne", "price": "961 538 zł", "url": "https://swietegomichala.pl/pl/mieszkanie/SM2-B-LM-38_04"}
{"ts": "2026-08-13T07:36:01.851740+00:00", "event": "new_listing", "id": "118", "category": "Mieszkanie", "unit": "34_12", "status": "Wolne", "price": "680 550 zł", "url": "https://swietegomichala.pl/pl/mieszkanie/SM2-A1-LM-34_12"}
{"ts": "2026-08-13T07:36:01.851740+00:00", "event": "new_listing", "id": "119", "category": "Mieszkanie", "unit": "34_13", "status": "Wolne", "price": "549 063 zł", "url": "https://swietegomichala.pl/pl/mieszkanie/SM2-A1-LM-34_13"}
{"ts": "2026-08-13T07:36:01.851740+00:00", "event": "new_listing", "id": "120", "category": "Mieszkanie", "unit": "34_14", "status": "Wolne", "price": "555 965 zł", "url": "https://swietegomichala.pl/pl/mieszkanie/SM2-A1-LM-34_14"}
{"ts": "2026-08-13T07:36:01.851740+00:00", "event": "new_listing", "id": "121", "category": "Mieszkanie", "unit": "34_15", "status": "Wolne", "price": "938 630 zł", "url": "https://swietegomichala.pl/pl/mieszkanie/SM2-A1-LM-34_15"}
{"ts": "2026-08-13T07:36:01.851740+00:00", "event": "new_listing", "id": "125", "category": "Mieszkanie", "unit": "36_10", "status": "Wolne", "price": "613 312 zł", "url": "https://swietegomichala.pl/pl/mieszkanie/SM2-A2-LM-36_10"}
{"ts": "2026-08-13T07:36:01.851740+00:00", "event": "new_listing", "id": "127", "category": "Mieszkanie", "unit": "38_6", "status": "Wolne", "price": "736 038 zł", "url": "https://swietegomichala.pl/pl/mieszkanie/SM2-B-LM-38_06"}
{"ts": "2026-08-13T07:36:01.851740+00:00", "event": "new_listing", "id": "128", "category": "Mieszkanie", "unit": "38_7", "status": "Wolne", "price": "965 250 zł", "url": "https://swietegomichala.pl/pl/mieszkanie/SM2-B-LM-38_07"}
{"ts": "2026-08-13T07:36:01.851740+00:00", "event": "new_listing", "id": "131", "category": "Mieszkanie", "unit": "34_16", "status": "Wolne", "price": "563 562 zł", "url": "https://swietegomichala.pl/pl/mieszkanie/SM2-A1-LM-34_16"}
{"ts": "2026-08-13T07:36:01.851740+00:00", "event": "new_listing", "id": "132", "category": "Mieszkanie", "unit": "34_17", "status": "Wolne", "price": "683 168 zł", "url": "https://swietegomichala.pl/pl/mieszkanie/SM2-A1-LM-34_17"}
{"ts": "2026-08-13T07:36:01.851740+00:00", "event": "new_listing", "id": "133", "category": "Mieszkanie", "unit": "34_18", "status": "Wolne", "price": "551 250 zł", "url": "https://swietegomichala.pl/pl/mieszkanie/SM2-A1-LM-34_18"}
{"ts": "2026-08-13T07:36:01.851740+00:00", "event": "new_listing", "id": "134", "category": "Mieszkanie", "unit": "34_19", "status": "Wolne", "price": "558 180 zł", "url": "https://swietegomichala.pl/pl/mieszkanie/SM2-A1-LM-34_19"}
{"ts": "2026-08-13T07:36:01.851740+00:00", "event": "new_listing", "id": "135", "category": "Mieszkanie", "unit": "34_20", "status": "Wolne", "price": "942 340 zł", "url": "https://swietegomichala.pl/pl/mieszkanie/SM2-A1-LM-34_20"}
{"ts": "2026-08-13T07:36:01.851740+00:00", "event": "new_listing", "id": "139", "category": "Mieszkanie", "unit": "36_14", "status": "Wolne", "price": "615 680 zł", "url": "https://swietegomichala.pl/pl/mieszkanie/SM2-A2-LM-36_14"}
{"ts": "2026-08-13T07:36:01.851740+00:00", "event": "new_listing", "id": "140", "category": "Mieszkanie", "unit": "38_10", "status": "Wolne", "price": "968 963 zł", "url": "https://swietegomichala.pl/pl/mieszkanie/SM2-B-LM-38_10"}
{"ts": "2026-08-13T07:36:01.851740+00:00", "event": "new_listing", "id": "141", "category": "Mieszkanie", "unit": "38_11", "status": "Rezerwacja", "price": null, "url": "https://swietegomichala.pl/pl/mieszkanie/SM2-B-LM-38_11"}
{"ts": "2026-08-13T07:36:01.851740+00:00", "event": "new_listing", "id": "142", "category": "Mieszkanie", "unit": "38_12", "status": "Wolne", "price": "741 593 zł", "url": "https://swietegomichala.pl/pl/mieszkanie/SM2-B-LM-38_12"}
{"ts": "2026-08-13T07:36:01.851740+00:00", "event": "new_listing", "id": "144", "category": "Mieszkanie", "unit": "34_22", "status": "Wolne", "price": "685 785 zł", "url": "https://swietegomichala.pl/pl/mieszkanie/SM2-A1-LM-34_22"}
{"ts": "2026-08-13T07:36:01.851740+00:00", "event": "new_listing", "id": "145", "category": "Mieszkanie", "unit": "34_23", "status": "Wolne", "price": "553 438 zł", "url": "https://swietegomichala.pl/pl/mieszkanie/SM2-A1-LM-34_23"}
{"ts": "2026-08-13T07:36:01.851740+00:00", "event": "new_listing", "id": "146", "category": "Mieszkanie", "unit": "34_24", "status": "Wolne", "price": "560 395 zł", "url": "https://swietegomichala.pl/pl/mieszkanie/SM2-A1-LM-34_24"}
{"ts": "2026-08-13T07:36:01.851740+00:00", "event": "new_listing", "id": "147", "category": "Mieszkanie", "unit": "34_25", "status": "Wolne", "price": "946 050 zł", "url": "https://swietegomichala.pl/pl/mieszkanie/SM2-A1-LM-34_25"}
{"ts": "2026-08-13T07:36:01.851740+00:00", "event": "new_listing", "id": "151", "category": "Mieszkanie", "unit": "36_18", "status": "Wolne", "price": "618 048 zł", "url": "https://swietegomichala.pl/pl/mieszkanie/SM2-A2-LM-36_18"}
{"ts": "2026-08-13T07:36:01.851740+00:00", "event": "new_listing", "id": "152", "category": "Mieszkanie", "unit": "34_26", "status": "Wolne", "price": "567 864 zł", "url": "https://swietegomichala.pl/pl/mieszkanie/SM2-A1-LM-34_26"}
{"ts": "2026-08-13T07:36:01.851740+00:00", "event": "new_listing", "id": "153", "category": "Mieszkanie", "unit": "34_27", "status": "Wolne", "price": "688 403 zł", "url": "https://swietegomichala.pl/pl/mieszkanie/SM2-A1-LM-34_27"}
{"ts": "2026-08-13T07:36:01.851740+00:00", "event": "new_listing", "id": "154", "category": "Mieszkanie", "unit": "34_28", "status": "Wolne", "price": "555 625 zł", "url": "https://swietegomichala.pl/pl/mieszkanie/SM2-A1-LM-34_28"}
{"ts": "2026-08-13T07:36:01.851740+00:00", "event": "new_listing", "id": "155", "category": "Mieszkanie", "unit": "34_29", "status": "Wolne", "price": "562 610 zł", "url": "https://swietegomichala.pl/pl/mieszkanie/SM2-A1-LM-34_29"}
{"ts": "2026-08-13T07:36:01.851740+00:00", "event": "new_listing", "id": "157", "category": "Mieszkanie", "unit": "34_31", "status": "Wolne", "price": "570 015 zł", "url": "https://swietegomichala.pl/pl/mieszkanie/SM2-A1-LM-34_31"}
{"ts": "2026-08-13T07:36:01.851740+00:00", "event": "new_listing", "id": "159", "category": "Mieszkanie", "unit": "34_33", "status": "Wolne", "price": "557 813 zł", "url": "https://swietegomichala.pl/pl/mieszkanie/SM2-A1-LM-34_33"}
{"ts": "2026-08-13T07:36:01.851740+00:00", "event": "new_listing", "id": "160", "category": "Mieszkanie", "unit": "34_34", "status": "Wolne", "price": "564 825 zł", "url": "https://swietegomichala.pl/pl/mieszkanie/SM2-A1-LM-34_34"}
{"ts": "2026-08-13T07:36:01.851740+00:00", "event": "new_listing", "id": "161", "category": "Mieszkanie", "unit": "34_35", "status": "Wolne", "price": "1 012 580 zł", "url": "https://swietegomichala.pl/pl/mieszkanie/SM2-A1-LM-34_35"}
{"ts": "2026-08-13T07:36:01.851740+00:00", "event": "new_listing", "id": "164", "category": "Mieszkanie", "unit": "34_38", "status": "Rezerwacja", "price": null, "url": "https://swietegomichala.pl/pl/mieszkanie/SM2-A1-LM-34_38"}
{"ts": "2026-08-13T07:36:01.851740+00:00", "event": "new_listing", "id": "165", "category": "Mieszkanie", "unit": "34_39", "status": "Wolne", "price": "567 040 zł", "url": "https://swietegomichala.pl/pl/mieszkanie/SM2-A1-LM-34_39"}
{"ts": "2026-08-13T07:36:01.851740+00:00", "event": "new_listing", "id": "166", "category": "Mieszkanie", "unit": "34_40", "status": "Wolne", "price": "1 016 520 zł", "url": "https://swietegomichala.pl/pl/mieszkanie/SM2-A1-LM-34_40"}
{"ts": "2026-08-13T07:36:01.851740+00:00", "event": "new_listing", "id": "167", "category": "Mieszkanie", "unit": "34_41", "status": "Wolne", "price": "574 317 zł", "url": "https://swietegomichala.pl/pl/mieszkanie/SM2-A1-LM-34_41"}
{"ts": "2026-08-13T07:36:01.851740+00:00", "event": "new_listing", "id": "170", "category": "Mieszkanie", "unit": "34_44", "status": "Wolne", "price": "569 255 zł", "url": "https://swietegomichala.pl/pl/mieszkanie/SM2-A1-LM-34_44"}
{"ts": "2026-08-13T07:36:01.851740+00:00", "event": "new_listing", "id": "171", "category": "Mieszkanie", "unit": "34_45", "status": "Wolne", "price": "968 013 zł", "url": "https://swietegomichala.pl/pl/mieszkanie/SM2-A1-LM-34_45"}
{"ts": "2026-08-13T07:36:01.851740+00:00", "event": "new_listing", "id": "172", "category": "Mieszkanie", "unit": "34_46", "status": "Wolne", "price": "576 468 zł", "url": "https://swietegomichala.pl/pl/mieszkanie/SM2-A1-LM-34_46"}
{"ts": "2026-08-13T07:36:01.851740+00:00", "event": "new_listing", "id": "175", "category": "Mieszkanie", "unit": "34_49", "status": "Wolne", "price": "571 470 zł", "url": "https://swietegomichala.pl/pl/mieszkanie/SM2-A1-LM-34_49"}
{"ts": "2026-08-13T07:36:01.851740+00:00", "event": "new_listing", "id": "176", "category": "Mieszkanie", "unit": "34_50", "status": "Wolne", "price": "971 750 zł", "url": "https://swietegomichala.pl/pl/mieszkanie/SM2-A1-LM-34_50"}
{"ts": "2026-08-13T07:36:01.851740+00:00", "event": "new_listing", "id": "179", "category": "Mieszkanie", "unit": "40_7", "status": "Rezerwacja", "price": null, "url": "https://swietegomichala.pl/pl/mieszkanie/SM2-C-LM-40_07"}
{"ts": "2026-08-13T07:36:01.851740+00:00", "event": "new_listing", "id": "181", "category": "Mieszkanie", "unit": "40_9", "status": "Rezerwacja", "price": null, "url": "https://swietegomichala.pl/pl/mieszkanie/SM2-C-LM-40_09"}
{"ts": "2026-08-13T07:36:01.851740+00:00", "event": "new_listing", "id": "182", "category": "Mieszkanie", "unit": "40_10", "status": "Wolne", "price": "591 096 zł", "url": "https://swietegomichala.pl/pl/mieszkanie/SM2-C-LM-40_10"}
{"ts": "2026-08-13T07:36:01.851740+00:00", "event": "new_listing", "id": "183", "category": "Mieszkanie", "unit": "40_11", "status": "Wolne", "price": "765 252 zł", "url": "https://swietegomichala.pl/pl/mieszkanie/SM2-C-LM-40_11"}
{"ts": "2026-08-13T07:36:01.851740+00:00", "event": "new_listing", "id": "188", "category": "Mieszkanie", "unit": "40_16", "status": "Wolne", "price": "768 184 zł", "url": "https://swietegomichala.pl/pl/mieszkanie/SM2-C-LM-40_16"}
{"ts": "2026-08-13T07:36:01.851740+00:00", "event": "new_listing", "id": "193", "category": "Mieszkanie", "unit": "40_1", "status": "Wolne", "price": "759 388 zł", "url": "https://swietegomichala.pl/pl/mieszkanie/SM2-C-LM-40_01"}
{"ts": "2026-08-13T07:36:01.851740+00:00", "event": "new_listing", "id": "194", "category": "Mieszkanie", "unit": "40_2", "status": "Wolne", "price": "522 000 zł", "url": "https://swietegomichala.pl/pl/mieszkanie/SM2-C-LM-40_02"}
{"ts": "2026-08-13T07:36:01.851740+00:00", "event": "new_listing", "id": "195", "category": "Mieszkanie", "unit": "40_3", "status": "Wolne", "price": "520 043 zł", "url": "https://swietegomichala.pl/pl/mieszkanie/SM2-C-LM-40_03"}
{"ts": "2026-08-13T07:36:01.851740+00:00", "event": "new_listing", "id": "196", "category": "Mieszkanie", "unit": "40_4", "status": "Wolne", "price": "767 029 zł", "url": "https://swietegomichala.pl/pl/mieszkanie/SM2-C-LM-40_04"}
{"ts": "2026-08-13T07:36:01.851740+00:00", "event": "new_listing", "id": "198", "category": "Mieszkanie", "unit": "40_6", "status": "Wolne", "price": "762 320 zł", "url": "https://swietegomichala.pl/pl/mieszkanie/SM2-C-LM-40_06"}
{"ts": "2026-08-13T07:36:01.851740+00:00", "event": "new_listing", "id": "202", "category": "Hala garażowa", "unit": "4", "status": "Wolne", "price": "47 000 zł", "url": "https://swietegomichala.pl/pl/mieszkanie/SM2-MP-4"}
{"ts": "2026-08-13T07:36:01.851740+00:00", "event": "new_listing", "id": "203", "category": "Hala garażowa", "unit": "5", "status": "Wolne", "price": "47 000 zł", "url": "https://swietegomichala.pl/pl/mieszkanie/SM2-MP-5"}
{"ts": "2026-08-13T07:36:01.851740+00:00", "event": "new_listing", "id": "204", "category": "Hala garażowa", "unit": "6", "status": "Wolne", "price": "47 000 zł", "url": "https://swietegomichala.pl/pl/mieszkanie/SM2-MP-6"}
{"ts": "2026-08-13T07:36:01.851740+00:00", "event": "new_listing", "id": "216", "category": "Hala garażowa", "unit": "18", "status": "Rezerwacja", "price": null, "url": "https://swietegomichala.pl/pl/mieszkanie/SM2-MP-18"}
{"ts": "2026-08-13T07:36:01.851740+00:00", "event": "new_listing", "id": "217", "category": "Hala garażowa", "unit": "19", "status": "Wolne", "price": "47 000 zł", "url": "https://swietegomichala.pl/pl/mieszkanie/SM2-MP-19"}
{"ts": "2026-08-13T07:36:01.851740+00:00", "event": "new_listing", "id": "218", "category": "Hala garażowa", "unit": "20", "status": "Wolne", "price": "47 000 zł", "url": "https://swietegomichala.pl/pl/mieszkanie/SM2-MP-20"}
{"ts": "2026-08-13T07:36:01.851740+00:00", "event": "new_listing", "id": "219", "category": "Hala garażowa", "unit": "21", "status": "Rezerwacja", "price": null, "url": "https://swietegomichala.pl/pl/mieszkanie/SM2-MP-21"}
{"ts": "2026-08-13T07:36:01.851740+00:00", "event": "new_listing", "id": "222", "category": "Hala garażowa", "unit": "24", "status": "Wolne", "price": "47 000 zł", "url": "https://swietegomichala.pl/pl/mieszkanie/SM2-MP-24"}
{"ts": "2026-08-13T07:36:01.851740+00:00", "event": "new_listing", "id": "223", "category": "Hala garażowa", "unit": "25", "status": "Wolne", "price": "47 000 zł", "url": "https://swietegomichala.pl/pl/mieszkanie/SM2-MP-25"}
{"ts": "2026-08-13T07:36:01.851740+00:00", "event": "new_listing", "id": "224", "category": "Hala garażowa", "unit": "26", "status": "Wolne", "price": "47 000 zł", "url": "https://swietegomichala.pl/pl/mieszkanie/SM2-MP-26"}
{"ts": "2026-08-13T07:36:01.851740+00:00", "event": "new_listing", "id": "225", "category": "Hala garażowa", "unit": "27", "status": "Wolne", "price": "47 000 zł", "url": "https://swietegomichala.pl/pl/mieszkanie/SM2-MP-27"}
{"ts": "2026-08-13T07:36:01.851740+00:00", "event": "new_listing", "id": "226", "category": "Hala garażowa", "unit": "28", "status": "Wolne", "price": "47 000 zł", "url": "https://swietegomichala.pl/pl/mieszkanie/SM2-MP-28"}
{"ts": "2026-08-13T07:36:01.851740+00:00", "event": "new_listing", "id": "227", "category": "Hala garażowa", "unit": "29", "status": "Wolne", "price": "47 000 zł", "url": "https://swietegomichala.pl/pl/mieszkanie/SM2-MP-29"}
{"ts": "2026-08-13T07:36:01.851740+00:00", "event": "new_listing", "id": "232", "category": "Hala garażowa", "unit": "34", "status": "Wolne", "price": "47 000 zł", "url": "https://swietegomichala.pl/pl/mieszkanie/SM2-MP-34"}
{"ts": "2026-08-13T07:36:01.851740+00:00", "event": "new_listing", "id": "235", "category": "Hala garażowa", "unit": "37", "status": "Wolne", "price": "47 000 zł", "url": "https://swietegomichala.pl/pl/mieszkanie/SM2-MP-37"}
{"ts": "2026-08-13T07:36:01.851740+00:00", "event": "new_listing", "id": "239", "category": "Hala garażowa", "unit": "41", "status": "Wolne", "price": "37 000 zł", "url": "https://swietegomichala.pl/pl/mieszkanie/SM2-MP-41"}
{"ts": "2026-08-13T07:36:01.851740+00:00", "event": "new_listing", "id": "240", "category": "Hala garażowa", "unit": "42", "status": "Wolne", "price": "37 500 zł", "url": "https://swietegomichala.pl/pl/mieszkanie/SM2-MP-42"}
{"ts": "2026-08-13T07:36:01.851740+00:00", "event": "new_listing", "id": "241", "category": "Hala garażowa", "unit": "43", "status": "Wolne", "price": "37 000 zł", "url": "https://swietegomichala.pl/pl/mieszkanie/SM2-MP-43"}
{"ts": "2026-08-13T07:36:01.851740+00:00", "event": "new_listing", "id": "243", "category": "Hala garażowa", "unit": "45", "status": "Wolne", "price": "37 000 zł", "url": "https://swietegomichala.pl/pl/mieszkanie/SM2-MP-45"}
{"ts": "2026-08-13T07:36:01.851740+00:00", "event": "new_listing", "id": "244", "category": "Hala garażowa", "unit": "46", "status": "Wolne", "price": "37 500 zł", "url": "https://swietegomichala.pl/pl/mieszkanie/SM2-MP-46"}
{"ts": "2026-08-13T07:36:01.851740+00:00", "event": "new_listing", "id": "245", "category": "Hala garażowa", "unit": "47", "status": "Wolne", "price": "37 000 zł", "url": "https://swietegomichala.pl/pl/mieszkanie/SM2-MP-47"}
{"ts": "2026-08-13T07:36:01.851740+00:00", "event": "new_listing", "id": "246", "category": "Hala garażowa", "unit": "48", "status": "Wolne", "price": "37 500 zł", "url": "https://swietegomichala.pl/pl/mieszkanie/SM2-MP-48"}
{"ts": "2026-08-13T07:36:01.851740+00:00", "event": "new_listing", "id": "247", "category": "Hala garażowa", "unit": "49", "status": "Wolne", "price": "37 000 zł", "url": "https://swietegomichala.pl/pl/mieszkanie/SM2-MP-49"}
{"ts": "2026-08-13T07:36:01.851740+00:00", "event": "new_listing", "id": "248", "category": "Hala garażowa", "unit": "50", "status": "Wolne", "price": "37 500 zł", "url": "https://swietegomichala.pl/pl/mieszkanie/SM2-MP-50"}
{"ts": "2026-08-13T07:36:01.851740+00:00", "event": "new_listing", "id": "249", "category": "Hala garażowa", "unit": "51", "status": "Wolne", "price": "37 000 zł", "url": "https://swietegomichala.pl/pl/mieszkanie/SM2-MP-51"}
{"ts": "2026-08-13T07:36:01.851740+00:00", "event": "new_listing", "id": "250", "category": "Hala garażowa", "unit": "52", "status": "Wolne", "price": "37 500 zł", "url": "https://swietegomichala.pl/pl/mieszkanie/SM2-MP-52"}
{"ts": "2026-08-13T07:36:01.851740+00:00", "event": "new_listing", "id": "251", "category": "Hala garażowa", "unit": "53", "status": "Wolne", "price": "37 000 zł", "url": "https://swietegomichala.pl/pl/mieszkanie/SM2-MP-53"}
{"ts": "2026-08-13T07:36:01.851740+00:00", "event": "new_listing", "id": "252", "category": "Hala garażowa", "unit": "54", "status": "Wolne", "price": "37 500 zł", "url": "https://swietegomichala.pl/pl/mieszkanie/SM2-MP-54"}
{"ts": "2026-08-13T07:36:01.851740+00:00", "event": "new_listing", "id": "253", "category": "Hala garażowa", "unit": "55", "status": "Wolne", "price": "37 000 zł", "url": "https://swietegomichala.pl/pl/mieszkanie/SM2-MP-55"}
{"ts": "2026-08-13T07:36:01.851740+00:00", "event": "new_listing", "id": "254", "category": "Hala garażowa", "unit": "56", "status": "Wolne", "price": "37 500 zł", "url": "https://swietegomichala.pl/pl/mieszkanie/SM2-MP-56"}
{"ts": "2026-08-13T07:36:01.851740+00:00", "event": "new_listing", "id": "255", "category": "Hala garażowa", "unit": "57", "status": "Wolne", "price": "37 000 zł", "url": "https://swietegomichala.pl/pl/mieszkanie/SM2-MP-57"}
{"ts": "2026-08-13T07:36:01.851740+00:00", "event": "new_listing", "id": "256", "category": "Hala garażowa", "unit": "58", "status": "Wolne", "price": "37 500 zł", "url": "https://swietegomichala.pl/pl/mieszkanie/SM2-MP-58"}
{"ts": "2026-08-13T07:36:01.851740+00:00", "event": "new_listing", "id": "257", "category": "Hala garażowa", "unit": "59", "status": "Wolne", "price": "37 000 zł", "url": "https://swietegomichala.pl/pl/mieszkanie/SM2-MP-59"}
{"ts": "2026-08-13T07:36:01.851740+00:00", "event": "new_listing", "id": "258", "category": "Hala garażowa", "unit": "60", "status": "Wolne", "price": "37 500 zł", "url": "https://swietegomichala.pl/pl/mieszkanie/SM2-MP-60"}
{"ts": "2026-08-13T07:36:01.851740+00:00", "event": "new_listing", "id": "259", "category": "Hala garażowa", "unit": "61", "status": "Wolne", "price": "37 000 zł", "url": "https://swietegomichala.pl/pl/mieszkanie/SM2-MP-61"}
{"ts": "2026-08-13T07:36:01.851740+00:00", "event": "new_listing", "id": "260", "category": "Hala garażowa", "unit": "62", "status": "Wolne", "price": "37 500 zł", "url": "https://swietegomichala.pl/pl/mieszkanie/SM2-MP-62"}
{"ts": "2026-08-13T07:36:01.851740+00:00", "event": "new_listing", "id": "261", "category": "Hala garażowa", "unit": "63", "status": "Wolne", "price": "37 000 zł", "url": "https://swietegomichala.pl/pl/mieszkanie/SM2-MP-63"}
{"ts": "2026-08-13T07:36:01.851740+00:00", "event": "new_listing", "id": "262", "category": "Hala garażowa", "unit": "64", "status": "Wolne", "price": "37 500 zł", "url": "https://swietegomichala.pl/pl/mieszkanie/SM2-MP-64"}
{"ts": "2026-08-13T07:36:01.851740+00:00", "event": "new_listing", "id": "267", "category": "Hala garażowa", "unit": "75", "status": "Wolne", "price": "37 000 zł", "url": "https://swietegomichala.pl/pl/mieszkanie/SM2-MP-75"}
{"ts": "2026-08-13T07:36:01.851740+00:00", "event": "new_listing", "id": "268", "category": "Hala garażowa", "unit": "76", "status": "Wolne", "price": "37 500 zł", "url": "https://swietegomichala.pl/pl/mieszkanie/SM2-MP-76"}
{"ts": "2026-08-13T07:36:01.851740+00:00", "event": "new_listing", "id": "269", "category": "Hala garażowa", "unit": "77", "status": "Wolne", "price": "37 000 zł", "url": "https://swietegomichala.pl/pl/mieszkanie/SM2-MP-77"}
{"ts": "2026-08-13T07:36:01.851740+00:00", "event": "new_listing", "id": "270", "category": "Hala garażowa", "unit": "78", "status": "Wolne", "price": "37 500 zł", "url": "https://swietegomichala.pl/pl/mieszkanie/SM2-MP-78"}
{"ts": "2026-08-13T07:36:01.851740+00:00", "event": "new_listing", "id": "271", "category": "Hala garażowa", "unit": "79", "status": "Wolne", "price": "37 000 zł", "url": "https://swietegomichala.pl/pl/mieszkanie/SM2-MP-79"}
{"ts": "2026-08-13T07:36:01.851740+00:00", "event": "new_listing", "id": "272", "category": "Hala garażowa", "unit": "80", "status": "Wolne", "price": "37 500 zł", "url": "https://swietegomichala.pl/pl/mieszkanie/SM2-MP-80"}
{"ts": "2026-08-13T07:36:01.851740+00:00", "event": "new_listing", "id": "273", "category": "Hala garażowa", "unit": "81", "status": "Wolne", "price": "37 000 zł", "url": "https://swietegomichala.pl/pl/mieszkanie/SM2-MP-81"}
{"ts": "2026-08-13T07:36:01.851740+00:00", "event": "new_listing", "id": "274", "category": "Hala garażowa", "unit": "82", "status": "Wolne", "price": "37 500 zł", "url": "https://swietegomichala.pl/pl/mieszkanie/SM2-MP-82"}
{"ts": "2026-08-13T07:36:01.851740+00:00", "event": "new_listing", "id": "275", "category": "Hala garażowa", "unit": "83", "status": "Wolne", "price": "37 000 zł", "url": "https://swietegomichala.pl/pl/mieszkanie/SM2-MP-83"}
{"ts": "2026-08-13T07:36:01.851740+00:00", "event": "new_listing", "id": "276", "category": "Hala garażowa", "unit": "84", "status": "Wolne", "price": "37 500 zł", "url": "https://swietegomichala.pl/pl/mieszkanie/SM2-MP-84"}
{"ts": "2026-08-13T07:36:01.851740+00:00", "event": "new_listing", "id": "277", "category": "Hala garażowa", "unit": "85", "status": "Wolne", "price": "37 000 zł", "url": "https://swietegomichala.pl/pl/mieszkanie/SM2-MP-85"}
{"ts": "2026-08-13T07:36:01.851740+00:00", "event": "new_listing", "id": "278", "category": "Hala garażowa", "unit": "86", "status": "Wolne", "price": "37 500 zł", "url": "https://swietegomichala.pl/pl/mieszkanie/SM2-MP-86"}
{"ts": "2026-08-13T07:36:01.851740+00:00", "event": "new_listing", "id": "279", "category": "Hala garażowa", "unit": "87", "status": "Wolne", "price": "37 000 zł", "url": "https://swietegomichala.pl/pl/mieszkanie/SM2-MP-87"}
{"ts": "2026-08-13T07:36:01.851740+00:00", "event": "new_listing", "id": "280", "category": "Hala garażowa", "unit": "88", "status": "Wolne", "price": "37 500 zł", "url": "https://swietegomichala.pl/pl/mieszkanie/SM2-MP-88"}
{"ts": "2026-08-13T07:36:01.851740+00:00", "event": "new_listing", "id": "281", "category": "Hala garażowa", "unit": "89", "status": "Wolne", "price": "37 000 zł", "url": "https://swietegomichala.pl/pl/mieszkanie/SM2-MP-89"}
{"ts": "2026-08-13T07:36:01.851740+00:00", "event": "new_listing", "id": "282", "category": "Hala garażowa", "unit": "90", "status": "Wolne", "price": "37 500 zł", "url": "https://swietegomichala.pl/pl/mieszkanie/SM2-MP-90"}
{"ts": "2026-08-13T07:36:01.851740+00:00", "event": "new_listing", "id": "283", "category": "Hala garażowa", "unit": "91", "status": "Wolne", "price": "37 000 zł", "url": "https://swietegomichala.pl/pl/mieszkanie/SM2-MP-91"}
{"ts": "2026-08-13T07:36:01.851740+00:00", "event": "new_listing", "id": "284", "category": "Hala garażowa", "unit": "92", "status": "Wolne", "price": "37 500 zł", "url": "https://swietegomichala.pl/pl/mieszkanie/SM2-MP-92"}
{"ts": "2026-08-13T07:36:01.851740+00:00", "event": "new_listing", "id": "285", "category": "Hala garażowa", "unit": "93", "status": "Wolne", "price": "37 000 zł", "url": "https://swietegomichala.pl/pl/mieszkanie/SM2-MP-93"}
{"ts": "2026-08-13T07:36:01.851740+00:00", "event": "new_listing", "id": "286", "category": "Hala garażowa", "unit": "94", "status": "Wolne", "price": "37 500 zł", "url": "https://swietegomichala.pl/pl/mieszkanie/SM2-MP-94"}
{"ts": "2026-08-13T07:36:01.851740+00:00", "event": "new_listing", "id": "287", "category": "Hala garażowa", "unit": "95", "status": "Wolne", "price": "37 000 zł", "url": "https://swietegomichala.pl/pl/mieszkanie/SM2-MP-95"}
{"ts": "2026-08-13T07:36:01.851740+00:00", "event": "new_listing", "id": "289", "category": "Hala garażowa", "unit": "97", "status": "Wolne", "price": "37 000 zł", "url": "https://swietegomichala.pl/pl/mieszkanie/SM2-MP-97"}
{"ts": "2026-08-13T07:36:01.851740+00:00", "event": "new_listing", "id": "290", "category": "Hala garażowa", "unit": "98", "status": "Wolne", "price": "37 500 zł", "url": "https://swietegomichala.pl/pl/mieszkanie/SM2-MP-98"}
{"ts": "2026-08-13T07:36:01.851740+00:00", "event": "new_listing", "id": "291", "category": "Hala garażowa", "unit": "99", "status": "Wolne", "price": "37 000 zł", "url": "https://swietegomichala.pl/pl/mieszkanie/SM2-MP-99"}
{"ts": "2026-08-13T07:36:01.851740+00:00", "event": "new_listing", "id": "292", "category": "Hala garażowa", "unit": "100", "status": "Wolne", "price": "37 500 zł", "url": "https://swietegomichala.pl/pl/mieszkanie/SM2-MP-100"}
{"ts": "2026-08-13T07:36:01.851740+00:00", "event": "new_listing", "id": "293", "category": "Hala garażowa", "unit": "101", "status": "Wolne", "price": "37 000 zł", "url": "https://swietegomichala.pl/pl/mieszkanie/SM2-MP-101"}
{"ts": "2026-08-13T07:36:01.851740+00:00", "event": "new_listing", "id": "294", "category": "Hala garażowa", "unit": "102", "status": "Wolne", "price": "37 500 zł", "url": "https://swietegomichala.pl/pl/mieszkanie/SM2-MP-102"}
{"ts": "2026-08-13T07:36:01.851740+00:00", "event": "new_listing", "id": "295", "category": "Hala garażowa", "unit": "103", "status": "Wolne", "price": "37 000 zł", "url": "https://swietegomichala.pl/pl/mieszkanie/SM2-MP-103"}
{"ts": "2026-08-13T07:36:01.851740+00:00", "event": "new_listing", "id": "296", "category": "Hala garażowa", "unit": "104", "status": "Wolne", "price": "37 500 zł", "url": "https://swietegomichala.pl/pl/mieszkanie/SM2-MP-104"}
{"ts": "2026-08-13T07:36:01.851740+00:00", "event": "new_listing", "id": "297", "category": "Hala garażowa", "unit": "105", "status": "Wolne", "price": "37 000 zł", "url": "https://swietegomichala.pl/pl/mieszkanie/SM2-MP-105"}
{"ts": "2026-08-13T07:36:01.851740+00:00", "event": "new_listing", "id": "298", "category": "Hala garażowa", "unit": "106", "status": "Wolne", "price": "37 500 zł", "url": "https://swietegomichala.pl/pl/mieszkanie/SM2-MP-106"}
{"ts": "2026-08-13T07:36:01.851740+00:00", "event": "new_listing", "id": "299", "category": "Hala garażowa", "unit": "107", "status": "Wolne", "price": "37 000 zł", "url": "https://swietegomichala.pl/pl/mieszkanie/SM2-MP-107"}
{"ts": "2026-08-13T07:36:01.851740+00:00", "event": "new_listing", "id": "300", "category": "Hala garażowa", "unit": "108", "status": "Wolne", "price": "37 500 zł", "url": "https://swietegomichala.pl/pl/mieszkanie/SM2-MP-108"}
{"ts": "2026-08-13T07:36:01.851740+00:00", "event": "new_listing", "id": "301", "category": "Hala garażowa", "unit": "109", "status": "Wolne", "price": "37 000 zł", "url": "https://swietegomichala.pl/pl/mieszkanie/SM2-MP-109"}
{"ts": "2026-08-13T07:36:01.851740+00:00", "event": "new_listing", "id": "302", "category": "Hala garażowa", "unit": "110", "status": "Wolne", "price": "37 500 zł", "url": "https://swietegomichala.pl/pl/mieszkanie/SM2-MP-110"}
{"ts": "2026-08-13T07:36:01.851740+00:00", "event": "new_listing", "id": "303", "category": "Hala garażowa", "unit": "111", "status": "Wolne", "price": "37 000 zł", "url": "https://swietegomichala.pl/pl/mieszkanie/SM2-MP-111"}
{"ts": "2026-08-13T07:36:01.851740+00:00", "event": "new_listing", "id": "304", "category": "Hala garażowa", "unit": "112", "status": "Wolne", "price": "37 500 zł", "url": "https://swietegomichala.pl/pl/mieszkanie/SM2-MP-112"}
{"ts": "2026-08-13T07:36:01.851740+00:00", "event": "new_listing", "id": "305", "category": "Hala garażowa", "unit": "113", "status": "Wolne", "price": "37 000 zł", "url": "https://swietegomichala.pl/pl/mieszkanie/SM2-MP-113"}
{"ts": "2026-08-13T07:36:01.851740+00:00", "event": "new_listing", "id": "306", "category": "Hala garażowa", "unit": "114", "status": "Wolne", "price": "37 500 zł", "url": "https://swietegomichala.pl/pl/mieszkanie/SM2-MP-114"}
{"ts": "2026-08-13T07:36:01.851740+00:00", "event": "new_listing", "id": "307", "category": "Hala garażowa", "unit": "115", "status": "Wolne", "price": "37 000 zł", "url": "https://swietegomichala.pl/pl/mieszkanie/SM2-MP-115"}
{"ts": "2026-08-13T07:36:01.851740+00:00", "event": "new_listing", "id": "308", "category": "Hala garażowa", "unit": "116", "status": "Wolne", "price": "37 500 zł", "url": "https://swietegomichala.pl/pl/mieszkanie/SM2-MP-116"}
{"ts": "2026-08-13T07:36:01.851740+00:00", "event": "new_listing", "id": "309", "category": "Hala garażowa", "unit": "117", "status": "Wolne", "price": "37 000 zł", "url": "https://swietegomichala.pl/pl/mieszkanie/SM2-MP-117"}
{"ts": "2026-08-13T07:36:01.851740+00:00", "event": "new_listing", "id": "310", "category": "Hala garażowa", "unit": "118", "status": "Wolne", "price": "37 500 zł", "url": "https://swietegomichala.pl/pl/mieszkanie/SM2-MP-118"}
{"ts": "2026-08-13T07:36:01.851740+00:00", "event": "new_listing", "id": "311", "category": "Hala garażowa", "unit": "119", "status": "Wolne", "price": "37 000 zł", "url": "https://swietegomichala.pl/pl/mieszkanie/SM2-MP-119"}
{"ts": "2026-08-13T07:36:01.851740+00:00", "event": "new_listing", "id": "312", "category": "Hala garażowa", "unit": "120", "status": "Wolne", "price": "37 500 zł", "url": "https://swietegomichala.pl/pl/mieszkanie/SM2-MP-120"}
{"ts": "2026-08-13T07:36:01.851740+00:00", "event": "new_listing", "id": "313", "category": "Hala garażowa", "unit": "121", "status": "Wolne", "price": "37 000 zł", "url": "https://swietegomichala.pl/pl/mieszkanie/SM2-MP-121"}
{"ts": "2026-08-13T07:36:01.851740+00:00", "event": "new_listing", "id": "314", "category": "Hala garażowa", "unit": "122", "status": "Wolne", "price": "37 500 zł", "url": "https://swietegomichala.pl/pl/mieszkanie/SM2-MP-122"}
{"ts": "2026-08-13T07:36:01.851740+00:00", "event": "new_listing", "id": "315", "category": "Hala garażowa", "unit": "123", "status": "Wolne", "price": "37 000 zł", "url": "https://swietegomichala.pl/pl/mieszkanie/SM2-MP-123"}
{"ts": "2026-08-13T07:36:01.851740+00:00", "event": "new_listing", "id": "316", "category": "Hala garażowa", "unit": "124", "status": "Wolne", "price": "37 500 zł", "url": "https://swietegomichala.pl/pl/mieszkanie/SM2-MP-124"}
{"ts": "2026-08-13T07:36:01.851740+00:00", "event": "new_listing", "id": "317", "category": "Hala garażowa", "unit": "125", "status": "Wolne", "price": "37 000 zł", "url": "https://swietegomichala.pl/pl/mieszkanie/SM2-MP-125"}
{"ts": "2026-08-13T07:36:01.851740+00:00", "event": "new_listing", "id": "318", "category": "Hala garażowa", "unit": "126", "status": "Wolne", "price": "37 500 zł", "url": "https://swietegomichala.pl/pl/mieszkanie/SM2-MP-126"}
{"ts": "2026-08-13T07:36:01.851740+00:00", "event": "new_listing", "id": "319", "category": "Hala garażowa", "unit": "127", "status": "Wolne", "price": "37 000 zł", "url": "https://swietegomichala.pl/pl/mieszkanie/SM2-MP-127"}
{"ts": "2026-08-13T07:36:01.851740+00:00", "event": "new_listing", "id": "321", "category": "Hala garażowa", "unit": "129", "status": "Wolne", "price": "37 000 zł", "url": "https://swietegomichala.pl/pl/mieszkanie/SM2-MP-129"}
{"ts": "2026-08-13T07:36:01.851740+00:00", "event": "new_listing", "id": "322", "category": "Hala garażowa", "unit": "130", "status": "Rezerwacja", "price": null, "url": "https://swietegomichala.pl/pl/mieszkanie/SM2-MP-130"}
{"ts": "2026-08-13T07:36:01.851740+00:00", "event": "new_listing", "id": "323", "category": "Hala garażowa", "unit": "131", "status": "Wolne", "price": "37 000 zł", "url": "https://swietegomichala.pl/pl/mieszkanie/SM2-MP-131"}
{"ts": "2026-08-13T07:36:01.851740+00:00", "event": "new_listing", "id": "326", "category": "Hala garażowa", "unit": "134", "status": "Wolne", "price": "37 500 zł", "url": "https://swietegomichala.pl/pl/mieszkanie/SM2-MP-134"}
{"ts": "2026-08-13T07:36:01.851740+00:00", "event": "new_listing", "id": "327", "category": "Hala garażowa", "unit": "135", "status": "Wolne", "price": "37 000 zł", "url": "https://swietegomichala.pl/pl/mieszkanie/SM2-MP-135"}
{"ts": "2026-08-13T07:36:01.851740+00:00", "event": "new_listing", "id": "328", "category": "Hala garażowa", "unit": "136", "status": "Wolne", "price": "37 500 zł", "url": "https://swietegomichala.pl/pl/mieszkanie/SM2-MP-136"}
{"ts": "2026-08-13T07:36:01.851740+00:00", "event": "new_listing", "id": "329", "category": "Hala garażowa", "unit": "137", "status": "Wolne", "price": "37 000 zł", "url": "https://swietegomichala.pl/pl/mieszkanie/SM2-MP-137"}
{"ts": "2026-08-13T07:36:01.851740+00:00", "event": "new_listing", "id": "331", "category": "Hala garażowa", "unit": "139", "status": "Wolne", "price": "37 000 zł", "url": "https://swietegomichala.pl/pl/mieszkanie/SM2-MP-139"}
{"ts": "2026-08-13T07:36:01.851740+00:00", "event": "new_listing", "id": "334", "category": "Hala garażowa", "unit": "142", "status": "Wolne", "price": "37 500 zł", "url": "https://swietegomichala.pl/pl/mieszkanie/SM2-MP-142"}
{"ts": "2026-08-13T07:36:01.851740+00:00", "event": "new_listing", "id": "335", "category": "Hala garażowa", "unit": "143", "status": "Wolne", "price": "37 000 zł", "url": "https://swietegomichala.pl/pl/mieszkanie/SM2-MP-143"}
{"ts": "2026-08-13T07:36:01.851740+00:00", "event": "new_listing", "id": "337", "category": "Hala garażowa", "unit": "145", "status": "Wolne", "price": "37 000 zł", "url": "https://swietegomichala.pl/pl/mieszkanie/SM2-MP-145"}
{"ts": "2026-08-13T07:36:01.851740+00:00", "event": "new_listing", "id": "341", "category": "Hala garażowa", "unit": "149", "status": "Wolne", "price": "37 000 zł", "url": "https://swietegomichala.pl/pl/mieszkanie/SM2-MP-149"}
{"ts": "2026-08-13T07:36:01.851740+00:00", "event": "new_listing", "id": "342", "category": "Hala garażowa", "unit": "150", "status": "Wolne", "price": "37 500 zł", "url": "https://swietegomichala.pl/pl/mieszkanie/SM2-MP-150"}
{"ts": "2026-08-13T07:36:01.851740+00:00", "event": "new_listing", "id": "343", "category": "Hala garażowa", "unit": "151", "status": "Wolne", "price": "37 000 zł", "url": "https://swietegomichala.pl/pl/mieszkanie/SM2-MP-151"}
{"ts": "2026-08-13T07:36:01.851740+00:00", "event": "new_listing", "id": "344", "category": "Hala garażowa", "unit": "152", "status": "Wolne", "price": "37 500 zł", "url": "https://swietegomichala.pl/pl/mieszkanie/SM2-MP-152"}
{"ts": "2026-08-13T07:36:01.851740+00:00", "event": "new_listing", "id": "345", "category": "Hala garażowa", "unit": "153", "status": "Wolne", "price": "37 000 zł", "url": "https://swietegomichala.pl/pl/mieszkanie/SM2-MP-153"}
{"ts": "2026-08-13T07:36:01.851740+00:00", "event": "new_listing", "id": "346", "category": "Hala garażowa", "unit": "154", "status": "Wolne", "price": "37 500 zł", "url": "https://swietegomichala.pl/pl/mieszkanie/SM2-MP-154"}
{"ts": "2026-08-13T07:36:01.851740+00:00", "event": "new_listing", "id": "347", "category": "Hala garażowa", "unit": "155", "status": "Wolne", "price": "37 000 zł", "url": "https://swietegomichala.pl/pl/mieszkanie/SM2-MP-155"}
{"ts": "2026-08-13T07:36:01.851740+00:00", "event": "new_listing", "id": "348", "category": "Hala garażowa", "unit": "156", "status": "Wolne", "price": "37 500 zł", "url": "https://swietegomichala.pl/pl/mieszkanie/SM2-MP-156"}
{"ts": "2026-08-13T07:36:01.851740+00:00", "event": "new_listing", "id": "349", "category": "Hala garażowa", "unit": "157", "status": "Wolne", "price": "37 000 zł", "url": "https://swietegomichala.pl/pl/mieszkanie/SM2-MP-157"}
{"ts": "2026-08-13T07:36:01.851740+00:00", "event": "new_listing", "id": "350", "category": "Hala garażowa", "unit": "158", "status": "Wolne", "price": "37 500 zł", "url": "https://swietegomichala.pl/pl/mieszkanie/SM2-MP-158"}
{"ts": "2026-08-13T07:36:01.851740+00:00", "event": "new_listing", "id": "351", "category": "Hala garażowa", "unit": "159", "status": "Wolne", "price": "37 000 zł", "url": "https://swietegomichala.pl/pl/mieszkanie/SM2-MP-159"}
{"ts": "2026-08-13T07:36:01.851740+00:00", "event": "new_listing", "id": "352", "category": "Hala garażowa", "unit": "160", "status": "Wolne", "price": "37 500 zł", "url": "https://swietegomichala.pl/pl/mieszkanie/SM2-MP-160"}
{"ts": "2026-08-13T07:36:01.851740+00:00", "event": "new_listing", "id": "353", "category": "Hala garażowa", "unit": "161", "status": "Wolne", "price": "37 000 zł", "url": "https://swietegomichala.pl/pl/mieszkanie/SM2-MP-161"}
{"ts": "2026-08-13T07:36:01.851740+00:00", "event": "new_listing", "id": "367", "category": "Komórka", "unit": "KL14", "status": "Wolne", "price": "12 960 zł", "url": "https://swietegomichala.pl/pl/mieszkanie/SM2-KL14"}
{"ts": "2026-08-13T07:36:01.851740+00:00", "event": "new_listing", "id": "368", "category": "Komórka", "unit": "KL15", "status": "Wolne", "price": "12 960 zł", "url": "https://swietegomichala.pl/pl/mieszkanie/SM2-KL15"}
{"ts": "2026-08-13T07:36:01.851740+00:00", "event": "new_listing", "id": "369", "category": "Komórka", "unit": "KL16", "status": "Wolne", "price": "12 960 zł", "url": "https://swietegomichala.pl/pl/mieszkanie/SM2-KL16"}
{"ts": "2026-08-13T07:36:01.851740+00:00", "event": "new_listing", "id": "370", "category": "Komórka", "unit": "KL17", "status": "Wolne", "price": "23 320 zł", "url": "https://swietegomichala.pl/pl/mieszkanie/SM2-KL17"}
{"ts": "2026-08-13T07:36:01.851740+00:00", "event": "new_listing", "id": "371", "category": "Komórka", "unit": "KL18", "status": "Wolne", "price": "22 560 zł", "url": "https://swietegomichala.pl/pl/mieszkanie/SM2-KL18"}
{"ts": "2026-08-13T07:36:01.851740+00:00", "event": "new_listing", "id": "372", "category": "Komórka", "unit": "KL19", "status": "Wolne", "price": "13 000 zł", "url": "https://swietegomichala.pl/pl/mieszkanie/SM2-KL19"}
{"ts": "2026-08-13T07:36:01.851740+00:00", "event": "new_listing", "id": "373", "category": "Komórka", "unit": "KL20", "status": "Wolne", "price": "13 000 zł", "url": "https://swietegomichala.pl/pl/mieszkanie/SM2-KL20"}
{"ts": "2026-08-13T07:36:01.851740+00:00", "event": "new_listing", "id": "374", "category": "Komórka", "unit": "KL21", "status": "Wolne", "price": "13 000 zł", "url": "https://swietegomichala.pl/pl/mieszkanie/SM2-KL21"}
{"ts": "2026-08-13T07:36:01.851740+00:00", "event": "new_listing", "id": "375", "category": "Komórka", "unit": "KL22", "status": "Rezerwacja", "price": null, "url": "https://swietegomichala.pl/pl/mieszkanie/SM2-KL22"}
{"ts": "2026-08-13T07:36:01.851740+00:00", "event": "new_listing", "id": "376", "category": "Komórka", "unit": "KL23", "status": "Wolne", "price": "24 240 zł", "url": "https://swietegomichala.pl/pl/mieszkanie/SM2-KL23"}
{"ts": "2026-08-13T07:36:01.851740+00:00", "event": "new_listing", "id": "379", "category": "Komórka", "unit": "KL26", "status": "Wolne", "price": "12 960 zł", "url": "https://swietegomichala.pl/pl/mieszkanie/SM2-KL26"}
{"ts": "2026-08-13T07:36:01.851740+00:00", "event": "new_listing", "id": "380", "category": "Komórka", "unit": "KL27", "status": "Wolne", "price": "12 960 zł", "url": "https://swietegomichala.pl/pl/mieszkanie/SM2-KL27"}
{"ts": "2026-08-13T07:36:01.851740+00:00", "event": "new_listing", "id": "381", "category": "Komórka", "unit": "KL28", "status": "Wolne", "price": "12 960 zł", "url": "https://swietegomichala.pl/pl/mieszkanie/SM2-KL28"}
{"ts": "2026-08-13T07:36:01.851740+00:00", "event": "new_listing", "id": "382", "category": "Komórka", "unit": "KL29", "status": "Wolne", "price": "19 520 zł", "url": "https://swietegomichala.pl/pl/mieszkanie/SM2-KL29"}
{"ts": "2026-08-13T07:36:01.851740+00:00", "event": "new_listing", "id": "383", "category": "Komórka", "unit": "KL30", "status": "Wolne", "price": "19 640 zł", "url": "https://swietegomichala.pl/pl/mieszkanie/SM2-KL30"}
{"ts": "2026-08-13T07:36:01.851740+00:00", "event": "new_listing", "id": "384", "category": "Komórka", "unit": "KL31", "status": "Wolne", "price": "10 840 zł", "url": "https://swietegomichala.pl/pl/mieszkanie/SM2-KL31"}
{"ts": "2026-08-13T07:36:01.851740+00:00", "event": "new_listing", "id": "385", "category": "Komórka", "unit": "KL32", "status": "Wolne", "price": "10 840 zł", "url": "https://swietegomichala.pl/pl/mieszkanie/SM2-KL32"}
{"ts": "2026-08-13T07:36:01.851740+00:00", "event": "new_listing", "id": "386", "category": "Komórka", "unit": "KL33", "status": "Rezerwacja", "price": null, "url": "https://swietegomichala.pl/pl/mieszkanie/SM2-KL33"}
{"ts": "2026-08-13T07:36:01.851740+00:00", "event": "new_listing", "id": "388", "category": "Komórka", "unit": "KL35", "status": "Wolne", "price": "10 840 zł", "url": "https://swietegomichala.pl/pl/mieszkanie/SM2-KL35"}
{"ts": "2026-08-13T07:36:01.851740+00:00", "event": "new_listing", "id": "389", "category": "Komórka", "unit": "KL36", "status": "Wolne", "price": "10 840 zł", "url": "https://swietegomichala.pl/pl/mieszkanie/SM2-KL36"}
{"ts": "2026-08-13T07:36:01.851740+00:00", "event": "new_listing", "id": "391", "category": "Komórka", "unit": "KL38", "status": "Wolne", "price": "21 840 zł", "url": "https://swietegomichala.pl/pl/mieszkanie/SM2-KL38"}
{"ts": "2026-08-13T07:36:01.851740+00:00", "event": "new_listing", "id": "393", "category": "Komórka", "unit": "KL40", "status": "Wolne", "price": "16 800 zł", "url": "https://swietegomichala.pl/pl/mieszkanie/SM2-KL40"}
{"ts": "2026-08-13T07:36:01.851740+00:00", "event": "new_listing", "id": "396", "category": "Komórka", "unit": "KL43", "status": "Wolne", "price": "10 560 zł", "url": "https://swietegomichala.pl/pl/mieszkanie/SM2-KL43"}
{"ts": "2026-08-13T07:36:01.851740+00:00", "event": "new_listing", "id": "403", "category": "Miejsce postojowe", "unit": "m.p.z. 08", "status": "Wolne", "price": "18 500 zł", "url": "https://swietegomichala.pl/pl/mieszkanie/WS-MPZ-08"}
{"ts": "2026-08-13T07:36:01.851740+00:00", "event": "new_listing", "id": "404", "category": "Miejsce postojowe", "unit": "m.p.z. 09", "status": "Wolne", "price": "18 500 zł", "url": "https://swietegomichala.pl/pl/mieszkanie/WS-MPZ-09"}
{"ts": "2026-08-13T07:36:01.851740+00:00", "event": "new_listing", "id": "405", "category": "Miejsce postojowe", "unit": "m.p.z. 10", "status": "Wolne", "price": "18 500 zł", "url": "https://swietegomichala.pl/pl/mieszkanie/WS-MPZ-10"}
{"ts": "2026-08-13T07:36:01.851740+00:00", "event": "new_listing", "id": "406", "category": "Miejsce postojowe", "unit": "m.p.z. 11", "status": "Wolne", "price": "18 500 zł", "url": "https://swietegomichala.pl/pl/mieszkanie/WS-MPZ-11"}
{"ts": "2026-08-13T07:36:01.851740+00:00", "event": "new_listing", "id": "418", "category": "Hala garażowa", "unit": "40a", "status": "Wolne", "price": "5 000 zł", "url": "https://swietegomichala.pl/pl/mieszkanie/SM2-MP-40a"}
{"ts": "2026-08-19T08:25:44.919054+00:00", "event": "status_change", "id": "157", "category": "Mieszkanie", "unit": "34_31", "old_status": "Wolne", "new_status": "Rezerwacja", "price": null, "url": "https://swietegomichala.pl/pl/mieszkanie/SM2-A1-LM-34_31"}
{"ts": "2026-08-19T08:25:44.919054+00:00", "event": "price_change", "id": "157", "category": "Mieszkanie", "unit": "34_31", "old_price": "570 015 zł", "new_price": null, "url": "https://swietegomichala.pl/pl/mieszkanie/SM2-A1-LM-34_31"}
{"ts": "2026-08-19T08:25:44.919054+00:00", "event": "status_change", "id": "318", "category": "Hala garażowa", "unit": "126", "old_status": "Wolne", "new_status": "Rezerwacja", "price": null, "url": "https://swietegomichala.pl/pl/mieszkanie/SM2-MP-126"}
{"ts": "2026-08-19T08:25:44.919054+00:00", "event": "price_change", "id": "318", "category": "Hala garażowa", "unit": "126", "old_price": "37 500 zł", "new_price": null, "url": "https://swietegomichala.pl/pl/mieszkanie/SM2-MP-126"}
{"ts": "2026-08-20T08:27:11.538638+00:00", "event": "removed_from_listing", "id": "179", "category": "Mieszkanie", "unit": "40_7", "last_status": "Rezerwacja", "price": null, "url": "https://swietegomichala.pl/pl/mieszkanie/SM2-C-LM-40_07", "note": "no longer in search results - likely sold/withdrawn"}
{"ts": "2026-08-20T08:27:11.538638+00:00", "event": "removed_from_listing", "id": "216", "category": "Hala garażowa", "unit": "18", "last_status": "Rezerwacja", "price": null, "url": "https://swietegomichala.pl/pl/mieszkanie/SM2-MP-18", "note": "no longer in search results - likely sold/withdrawn"}
{"ts": "2026-08-20T08:27:11.538638+00:00", "event": "removed_from_listing", "id": "386", "category": "Komórka", "unit": "KL33", "last_status": "Rezerwacja", "price": null, "url": "https://swietegomichala.pl/pl/mieszkanie/SM2-KL33", "note": "no longer in search results - likely sold/withdrawn"}
{"ts": "2026-08-26T08:32:46.184104+00:00", "event": "removed_from_listing", "id": "181", "category": "Mieszkanie", "unit": "40_9", "last_status": "Rezerwacja", "price": null, "url": "https://swietegomichala.pl/pl/mieszkanie/SM2-C-LM-40_09", "note": "no longer in search results - likely sold/withdrawn"}
{"ts": "2026-08-26T08:32:46.184104+00:00", "event": "removed_from_listing", "id": "219", "category": "Hala garażowa", "unit": "21", "last_status": "Rezerwacja", "price": null, "url": "https://swietegomichala.pl/pl/mieszkanie/SM2-MP-21", "note": "no longer in search results - likely sold/withdrawn"}
{"ts": "2026-08-31T15:41:43.972011+00:00", "event": "removed_from_listing", "id": "164", "category": "Mieszkanie", "unit": "34_38", "last_status": "Rezerwacja", "price": null, "url": "https://swietegomichala.pl/pl/mieszkanie/SM2-A1-LM-34_38", "note": "no longer in search results - likely sold/withdrawn"}
{"ts": "2026-08-31T15:41:43.972011+00:00", "event": "removed_from_listing", "id": "322", "category": "Hala garażowa", "unit": "130", "last_status": "Rezerwacja", "price": null, "url": "https://swietegomichala.pl/pl/mieszkanie/SM2-MP-130", "note": "no longer in search results - likely sold/withdrawn"}
{"ts": "2026-09-03T12:22:50.600511+00:00", "event": "status_change", "id": "152", "category": "Mieszkanie", "unit": "34_26", "old_status": "Wolne", "new_status": "Rezerwacja", "price": null, "url": "https://swietegomichala.pl/pl/mieszkanie/SM2-A1-LM-34_26"}
{"ts": "2026-09-03T12:22:50.600511+00:00", "event": "price_change", "id": "152", "category": "Mieszkanie", "unit": "34_26", "old_price": "567 864 zł", "new_price": null, "url": "https://swietegomichala.pl/pl/mieszkanie/SM2-A1-LM-34_26"}
{"ts": "2026-09-03T12:22:50.600511+00:00", "event": "status_change", "id": "298", "category": "Hala garażowa", "unit": "106", "old_status": "Wolne", "new_status": "Rezerwacja", "price": null, "url": "https://swietegomichala.pl/pl/mieszkanie/SM2-MP-106"}
{"ts": "2026-09-03T12:22:50.600511+00:00", "event": "price_change", "id": "298", "category": "Hala garażowa", "unit": "106", "old_price": "37 500 zł", "new_price": null, "url": "https://swietegomichala.pl/pl/mieszkanie/SM2-MP-106"}
{"ts": "2026-09-03T12:22:50.600511+00:00", "event": "status_change", "id": "391", "category": "Komórka", "unit": "KL38", "old_status": "Wolne", "new_status": "Rezerwacja", "price": null, "url": "https://swietegomichala.pl/pl/mieszkanie/SM2-KL38"}
{"ts": "2026-09-03T12:22:50.600511+00:00", "event": "price_change", "id": "391", "category": "Komórka", "unit": "KL38", "old_price": "21 840 zł", "new_price": null, "url": "https://swietegomichala.pl/pl/mieszkanie/SM2-KL38"}
{"ts": "2026-09-04T12:23:24.282490+00:00", "event": "status_change", "id": "194", "category": "Mieszkanie", "unit": "40_2", "old_status": "Wolne", "new_status": "Rezerwacja", "price": null, "url": "https://swietegomichala.pl/pl/mieszkanie/SM2-C-LM-40_02"}
{"ts": "2026-09-04T12:23:24.282490+00:00", "event": "price_change", "id": "194", "category": "Mieszkanie", "unit": "40_2", "old_price": "522 000 zł", "new_price": null, "url": "https://swietegomichala.pl/pl/mieszkanie/SM2-C-LM-40_02"}
